// Jest Snapshot v1, https://goo.gl/fbAQLP

exports[`should render Header correctly 1`] = `
<div
  className="header"
>
  <div
    className="content-container"
  >
    <div
      className="header__content"
    >
      <div>
        <Link
          className="header__title"
          replace={false}
          to="/"
        >
          <h1>
            Random TNT Librarians
          </h1>
        </Link>
        <h2
          className="header__subtitle"
        >
          Test subtitle
        </h2>
      </div>
      <div>
        <Link
          className="header__link"
          replace={false}
          to="/episodes"
        >
          Episode List
        </Link>
      </div>
    </div>
  </div>
</div>
`;
